// Jest Snapshot v1, https://goo.gl/fbAQLP

exports[`<Item/> renders and matches the snapshot 1`] = `
<ItemStyles__Item>
  <img
    alt="a cool item"
    src="item.jpg"
  />
  <Title>
    <Link
      href={
        Object {
          "pathname": "item",
          "query": Object {
            "id": "hjakshdkjans",
          },
        }
      }
    >
      <a>
        a cool item
      </a>
    </Link>
  </Title>
  <PriceTag>
    $40
  </PriceTag>
  <p>
    must buy item
  </p>
  <div
    className="buttonList"
  >
    <Link
      href={
        Object {
          "pathname": "update",
          "query": Object {
            "id": "hjakshdkjans",
          },
        }
      }
    >
      <a>
        Edit
      </a>
    </Link>
    <AddToCart
      id="hjakshdkjans"
    />
    <DeleteItem
      id="hjakshdkjans"
    >
      Delete
    </DeleteItem>
  </div>
</ItemStyles__Item>
`;
